../Core/Src/main.c:128:5:main	296	static
../Core/Src/main.c:407:6:SystemClock_Config	96	static
../Core/Src/main.c:468:13:MX_DFSDM1_Init	8	static
../Core/Src/main.c:506:13:MX_I2C1_Init	8	static
../Core/Src/main.c:554:13:MX_I2C2_Init	8	static
../Core/Src/main.c:602:13:MX_QUADSPI_Init	8	static
../Core/Src/main.c:635:13:MX_SPI3_Init	8	static
../Core/Src/main.c:675:13:MX_USART1_UART_Init	8	static
../Core/Src/main.c:710:13:MX_USART2_UART_Init	8	static
../Core/Src/main.c:745:13:MX_USART3_UART_Init	8	static
../Core/Src/main.c:780:13:MX_USB_OTG_FS_PCD_Init	8	static
../Core/Src/main.c:815:13:MX_GPIO_Init	48	static
../Core/Src/main.c:992:1:HAL_GPIO_EXTI_Callback	16	static
../Core/Src/main.c:1001:6:Error_Handler	4	static,ignoring_inline_asm
