../Core/Src/main.c:119:5:main	128	static
../Core/Src/main.c:331:6:SystemClock_Config	96	static
../Core/Src/main.c:392:13:MX_DFSDM1_Init	8	static
../Core/Src/main.c:430:13:MX_I2C1_Init	8	static
../Core/Src/main.c:478:13:MX_I2C2_Init	8	static
../Core/Src/main.c:526:13:MX_QUADSPI_Init	8	static
../Core/Src/main.c:559:13:MX_SPI3_Init	8	static
../Core/Src/main.c:599:13:MX_USART1_UART_Init	8	static
../Core/Src/main.c:634:13:MX_USART3_UART_Init	8	static
../Core/Src/main.c:669:13:MX_USB_OTG_FS_PCD_Init	8	static
../Core/Src/main.c:704:13:MX_GPIO_Init	48	static
../Core/Src/main.c:886:6:Error_Handler	4	static,ignoring_inline_asm
