../Core/Src/main.c:132:5:main	352	static
../Core/Src/main.c:413:6:SystemClock_Config	96	static
../Core/Src/main.c:474:13:MX_DFSDM1_Init	8	static
../Core/Src/main.c:512:13:MX_I2C1_Init	8	static
../Core/Src/main.c:560:13:MX_I2C2_Init	8	static
../Core/Src/main.c:608:13:MX_QUADSPI_Init	8	static
../Core/Src/main.c:641:13:MX_SPI3_Init	8	static
../Core/Src/main.c:681:13:MX_USART1_UART_Init	8	static
../Core/Src/main.c:716:13:MX_USART2_UART_Init	8	static
../Core/Src/main.c:751:13:MX_USART3_UART_Init	8	static
../Core/Src/main.c:786:13:MX_USB_OTG_FS_PCD_Init	8	static
../Core/Src/main.c:821:13:MX_GPIO_Init	48	static
../Core/Src/main.c:988:1:HAL_GPIO_EXTI_Callback	16	static
../Core/Src/main.c:1004:6:Error_Handler	4	static,ignoring_inline_asm
